2026-02-26T16:00:58.112Z [INFO]: Server running in undefined mode on port 5001
2026-02-27T05:58:52.005Z [INFO]: Found 1 users.
2026-02-27T05:59:57.746Z [INFO]: jegaonline223@gmail.com registered at 2026-02-27T05:59:57.746Z
2026-02-27T06:15:32.406Z [INFO]: Found 1 users.
2026-02-27T06:15:33.728Z [INFO]: Found 1 users.
2026-02-27T06:15:34.251Z [INFO]: Found 1 users.
2026-02-27T06:15:34.919Z [INFO]: Found 1 users.
2026-02-27T06:15:41.286Z [INFO]: Found 1 users.
2026-02-27T07:16:41.429Z [INFO]: Found 1 users.
2026-02-27T07:16:47.141Z [INFO]: Found 1 users.
2026-02-27T07:16:48.122Z [INFO]: Found 1 users.
2026-02-27T07:16:48.816Z [INFO]: Found 1 users.
2026-02-27T07:16:56.912Z [INFO]: jegaonline122@gmail.com registered at 2026-02-27T07:16:56.912Z
2026-02-27T07:21:21.666Z [INFO]: Found 1 users.
2026-02-27T07:23:41.611Z [INFO]: Found 1 users.
2026-02-27T07:23:44.275Z [INFO]: Found 1 users.
2026-02-27T07:23:45.096Z [INFO]: Found 1 users.
2026-02-27T07:23:45.869Z [INFO]: Found 1 users.
2026-02-27T07:23:51.092Z [INFO]: Found 1 users.
2026-02-27T07:23:51.603Z [INFO]: Found 1 users.
2026-02-27T07:23:51.716Z [INFO]: Found 1 users.
2026-02-27T07:24:02.880Z [INFO]: jegaonline123@gmail.com registered at 2026-02-27T07:24:02.880Z
2026-02-27T07:24:18.232Z [INFO]: Found 1 users.
2026-02-27T07:59:40.360Z [INFO]: Found 1 users.
2026-02-27T08:07:57.085Z [INFO]: Found 1 users.
2026-02-27T08:08:12.111Z [INFO]: Found 1 users.
2026-02-27T08:08:13.499Z [INFO]: Found 1 users.
2026-02-27T08:08:14.115Z [INFO]: Found 1 users.
2026-02-27T08:08:55.810Z [INFO]: Found 1 users.
2026-02-27T08:09:55.874Z [INFO]: Found 1 users.
2026-02-27T08:10:39.683Z [INFO]: Found 1 users.
2026-02-27T08:14:41.124Z [INFO]: Found 1 users.
2026-02-27T08:15:05.710Z [INFO]: jegaonline124@gmail.com registered at 2026-02-27T08:15:05.710Z
2026-02-27T10:31:31.326Z [INFO]: Found 1 users.
2026-02-27T10:34:21.229Z [INFO]: one@gmail.com registered at 2026-02-27T10:34:21.229Z
2026-02-27T10:38:09.254Z [INFO]: Found 1 users.
2026-02-27T13:06:15.467Z [INFO]: Server running in undefined mode on port 5001
2026-02-27T13:06:48.280Z [INFO]: Found 1 users.
2026-02-27T13:06:48.449Z [INFO]: jegaonline@gmail.com signed in at 2026-02-27T13:06:48.449Z
2026-02-27T13:07:26.517Z [INFO]: Found 1 users.
2026-02-27T13:07:54.806Z [INFO]: Found 1 users.
2026-02-27T13:07:55.026Z [INFO]: jegaonline@gmail.com signed in at 2026-02-27T13:07:55.026Z
2026-02-27T13:13:53.086Z [INFO]: Server running in undefined mode on port 5001
2026-02-27T13:14:34.757Z [INFO]: Found 1 users.
2026-02-27T13:14:34.904Z [INFO]: jegaonline@gmail.com signed in at 2026-02-27T13:14:34.904Z
2026-02-27T13:15:11.811Z [INFO]: Found 1 users.
2026-02-27T13:15:19.224Z [INFO]: Found 1 users.
2026-02-27T13:15:27.861Z [INFO]: Found 1 users.
2026-02-27T13:15:28.126Z [INFO]: jegaonline@gmail.com signed in at 2026-02-27T13:15:28.126Z
2026-02-27T13:20:50.587Z [INFO]: Server running in undefined mode on port 5001
2026-02-27T13:21:32.220Z [INFO]: Found 1 users.
2026-02-27T13:21:32.407Z [INFO]: jegaonline@gmail.com signed in at 2026-02-27T13:21:32.407Z
2026-02-27T13:22:31.335Z [INFO]: Server running in undefined mode on port 5001
2026-02-27T13:22:39.837Z [INFO]: Found 1 users.
2026-02-27T13:22:40.042Z [INFO]: jegaonline@gmail.com signed in at 2026-02-27T13:22:40.042Z
2026-02-27T14:09:31.892Z [INFO]: Found 1 users.
2026-02-27T14:09:32.089Z [INFO]: jegaonline@gmail.com signed in at 2026-02-27T14:09:32.089Z
2026-02-27T14:12:08.944Z [INFO]: Server running in undefined mode on port 5001
2026-02-27T14:12:40.458Z [INFO]: test@gmail.com registered at 2026-02-27T14:12:40.458Z
2026-02-27T14:14:46.476Z [INFO]: Found 1 users.
2026-02-27T14:14:46.695Z [INFO]: test@gmail.com signed in at 2026-02-27T14:14:46.695Z
2026-02-27T14:16:04.518Z [INFO]: Server running in undefined mode on port 5001
2026-02-27T14:16:15.771Z [INFO]: Found 1 users.
2026-02-27T14:16:15.937Z [INFO]: test@gmail.com signed in at 2026-02-27T14:16:15.936Z
2026-02-27T14:31:58.145Z [INFO]: Found 1 users.
2026-02-27T14:31:58.247Z [INFO]: test@gmail.com signed in at 2026-02-27T14:31:58.247Z
2026-02-27T14:32:24.126Z [INFO]: Server running in undefined mode on port 5001
2026-02-27T14:33:49.967Z [INFO]: Found 1 users.
2026-02-27T14:33:50.065Z [INFO]: jegaonline@gmail.com signed in at 2026-02-27T14:33:50.065Z
2026-02-27T14:36:48.314Z [INFO]: Server running in undefined mode on port 5001
2026-02-27T14:37:13.920Z [INFO]: Found 1 users.
2026-02-27T14:37:14.037Z [INFO]: jegaonline@gmail.com signed in at 2026-02-27T14:37:14.037Z
2026-02-27T14:39:25.443Z [INFO]: Found 1 users.
2026-02-27T14:39:25.591Z [INFO]: jegaonline@gmail.com signed in at 2026-02-27T14:39:25.591Z
2026-02-27T14:39:36.035Z [INFO]: Server running in undefined mode on port 5001
2026-02-27T14:40:18.932Z [INFO]: Found 1 users.
2026-02-27T14:40:19.042Z [INFO]: jegaonline@gmail.com signed in at 2026-02-27T14:40:19.042Z
2026-02-27T14:40:19.043Z [INFO]: User Id for Generating Token
2026-02-27T14:43:23.038Z [INFO]: Server running in undefined mode on port 5001
2026-02-27T14:43:45.991Z [INFO]: Found 1 users.
2026-02-27T14:43:45.991Z [INFO]: >>>> User Id for Generating Token
2026-02-27T14:43:46.098Z [INFO]: jegaonline@gmail.com signed in at 2026-02-27T14:43:46.098Z
2026-02-27T14:43:46.098Z [INFO]: User Id for Generating Token
2026-02-27T14:44:44.579Z [INFO]: Found 1 users.
2026-02-27T14:44:44.579Z [INFO]: >>>> User Id for Generating Token
2026-02-27T14:44:44.688Z [INFO]: jegaonline@gmail.com signed in at 2026-02-27T14:44:44.688Z
2026-02-27T14:44:44.688Z [INFO]: User Id for Generating Token
2026-02-27T14:45:00.977Z [INFO]: Server running in undefined mode on port 5001
2026-02-27T14:46:27.018Z [INFO]: Found 1 users.
2026-02-27T14:46:27.019Z [INFO]: >>>> Full Name for Generating Token
2026-02-27T14:46:27.126Z [INFO]: jegaonline@gmail.com signed in at 2026-02-27T14:46:27.126Z
2026-02-27T14:46:27.126Z [INFO]: User Id for Generating Token
2026-02-27T14:54:19.712Z [INFO]: Server running in undefined mode on port 5001
2026-02-27T14:57:16.352Z [INFO]: Found 1 users.
2026-02-27T14:57:16.352Z [INFO]: Full Name Jegadesh Sundaram users.
2026-02-27T14:57:16.353Z [INFO]: >>>> Full Name for Generating Token
2026-02-27T14:57:16.459Z [INFO]: jegaonline@gmail.com signed in at 2026-02-27T14:57:16.459Z
2026-02-27T14:57:16.460Z [INFO]: User Id for Generating Token
2026-02-27T15:20:18.322Z [INFO]: Server running in undefined mode on port 5001
2026-02-27T15:20:45.720Z [INFO]: Found 1 users.
2026-02-27T15:20:45.720Z [INFO]: Full Name Jegadesh Sundaram users.
2026-02-27T15:20:45.720Z [INFO]: >>>> Full Name for Generating Token
2026-02-27T15:20:45.826Z [INFO]: jegaonline@gmail.com signed in at 2026-02-27T15:20:45.826Z
2026-02-27T15:47:02.036Z [INFO]: Server running in undefined mode on port 5001
2026-02-27T15:47:44.859Z [INFO]: Found 1 users.
2026-02-27T15:47:44.859Z [INFO]: Full Name Jegadesh Sundaram users.
2026-02-27T15:47:44.860Z [INFO]: >>>> Full Name for Generating Token
2026-02-27T15:47:44.960Z [INFO]: jegaonline@gmail.com signed in at 2026-02-27T15:47:44.960Z
2026-02-27T15:47:44.960Z [INFO]: User Id for Generating Token
2026-02-27T15:50:01.195Z [INFO]: Server running in undefined mode on port 5001
2026-02-27T15:50:18.335Z [INFO]: Found 1 users.
2026-02-27T15:50:18.335Z [INFO]: Full Name test user users.
2026-02-27T15:50:18.336Z [INFO]: >>>> Full Name for Generating Token
2026-02-27T15:50:18.445Z [INFO]: test@gmail.com signed in at 2026-02-27T15:50:18.445Z
2026-02-27T15:50:18.445Z [INFO]: User Id for Generating Token 19
2026-02-27T15:51:21.556Z [INFO]: Server running in undefined mode on port 5001
2026-02-27T15:52:09.724Z [INFO]: Found 1 users.
2026-02-27T15:52:09.724Z [INFO]: Full Name test user users.
2026-02-27T15:52:09.725Z [INFO]: >>>> Full Name for Generating Token
2026-02-27T15:52:09.829Z [INFO]: test@gmail.com signed in at 2026-02-27T15:52:09.829Z
2026-02-27T15:52:09.829Z [INFO]: User Id for Generating Token 19
2026-02-27T15:52:09.829Z [INFO]: JWT Secret for Generating Token undefined
2026-02-27T16:02:06.231Z [INFO]: Server running in development mode on port 5001
2026-02-27T16:02:23.473Z [INFO]: Found 1 users.
2026-02-27T16:02:23.473Z [INFO]: Full Name test user users.
2026-02-27T16:02:23.474Z [INFO]: >>>> Full Name for Generating Token
2026-02-27T16:02:23.579Z [INFO]: test@gmail.com signed in at 2026-02-27T16:02:23.579Z
2026-02-27T16:02:23.579Z [INFO]: User Id for Generating Token 19
2026-02-27T16:02:23.579Z [INFO]: JWT Secret for Generating Token hvdvay6ert72839289()aiyg8t87qt72393293883uhefiuh78ttq3ifi78272jdsds039[]]pou89ywe
2026-02-27T16:10:09.617Z [INFO]: Found 1 users.
2026-02-27T16:10:09.618Z [INFO]: Full Name test user users.
2026-02-27T16:10:09.618Z [INFO]: >>>> Full Name for Generating Token
2026-02-27T16:10:09.719Z [INFO]: test@gmail.com signed in at 2026-02-27T16:10:09.719Z
2026-02-27T16:10:09.719Z [INFO]: User Id for Generating Token 19
2026-02-27T16:10:09.719Z [INFO]: JWT Secret for Generating Token hvdvay6ert72839289()aiyg8t87qt72393293883uhefiuh78ttq3ifi78272jdsds039[]]pou89ywe
2026-02-28T04:55:49.985Z [INFO]: Server running in development mode on port 5001
2026-02-28T05:02:47.936Z [INFO]: Found 1 users.
2026-02-28T05:02:47.936Z [INFO]: Full Name Jegadesh Sundaram users.
2026-02-28T05:02:47.936Z [INFO]: >>>> Full Name for Generating Token
2026-02-28T05:02:48.045Z [INFO]: jegaonline@gmail.com signed in at 2026-02-28T05:02:48.045Z
2026-02-28T05:02:48.046Z [INFO]: User Id for Generating Token 12
2026-02-28T05:02:48.046Z [INFO]: JWT Secret for Generating Token hvdvay6ert72839289()aiyg8t87qt72393293883uhefiuh78ttq3ifi78272jdsds039[]]pou89ywe
2026-02-28T07:18:48.539Z [INFO]: Found 1 users.
2026-02-28T07:18:48.539Z [INFO]: Full Name test user users.
2026-02-28T07:18:48.539Z [INFO]: >>>> Full Name for Generating Token
2026-02-28T07:18:48.637Z [INFO]: test@gmail.com signed in at 2026-02-28T07:18:48.637Z
2026-02-28T07:18:48.637Z [INFO]: User Id for Generating Token 19
2026-02-28T07:18:48.637Z [INFO]: JWT Secret for Generating Token hvdvay6ert72839289()aiyg8t87qt72393293883uhefiuh78ttq3ifi78272jdsds039[]]pou89ywe
2026-02-28T07:32:31.205Z [INFO]: Found 1 users.
2026-02-28T07:32:31.206Z [INFO]: Full Name Jegadesh Sundaram users.
2026-02-28T07:32:31.206Z [INFO]: >>>> Full Name for Generating Token
2026-02-28T07:32:31.300Z [INFO]: jegaonline@gmail.com signed in at 2026-02-28T07:32:31.300Z
2026-02-28T07:32:31.300Z [INFO]: User Id for Generating Token 12
2026-02-28T07:32:31.300Z [INFO]: JWT Secret for Generating Token hvdvay6ert72839289()aiyg8t87qt72393293883uhefiuh78ttq3ifi78272jdsds039[]]pou89ywe
2026-02-28T07:45:08.726Z [INFO]: Found 1 users.
2026-02-28T07:45:08.726Z [INFO]: Full Name test user users.
2026-02-28T07:45:08.727Z [INFO]: >>>> Full Name for Generating Token
2026-02-28T07:45:10.718Z [INFO]: Found 1 users.
2026-02-28T07:45:10.718Z [INFO]: Full Name test user users.
2026-02-28T07:45:10.718Z [INFO]: >>>> Full Name for Generating Token
2026-02-28T07:45:16.404Z [INFO]: Found 1 users.
2026-02-28T07:45:16.405Z [INFO]: Full Name test user users.
2026-02-28T07:45:16.405Z [INFO]: >>>> Full Name for Generating Token
2026-02-28T07:45:25.605Z [INFO]: Found 1 users.
2026-02-28T07:45:25.606Z [INFO]: Full Name test user users.
2026-02-28T07:45:25.606Z [INFO]: >>>> Full Name for Generating Token
2026-02-28T07:45:32.612Z [INFO]: Found 1 users.
2026-02-28T07:45:32.612Z [INFO]: Full Name test user users.
2026-02-28T07:45:32.612Z [INFO]: >>>> Full Name for Generating Token
2026-02-28T07:45:32.710Z [INFO]: test@gmail.com signed in at 2026-02-28T07:45:32.710Z
2026-02-28T07:45:32.710Z [INFO]: User Id for Generating Token 19
2026-02-28T07:45:32.710Z [INFO]: JWT Secret for Generating Token hvdvay6ert72839289()aiyg8t87qt72393293883uhefiuh78ttq3ifi78272jdsds039[]]pou89ywe
2026-02-28T07:45:54.590Z [INFO]: Found 1 users.
2026-02-28T07:45:54.591Z [INFO]: Full Name test user users.
2026-02-28T07:45:54.591Z [INFO]: >>>> Full Name for Generating Token
2026-02-28T07:45:54.688Z [INFO]: test@gmail.com signed in at 2026-02-28T07:45:54.688Z
2026-02-28T07:45:54.688Z [INFO]: User Id for Generating Token 19
2026-02-28T07:45:54.688Z [INFO]: JWT Secret for Generating Token hvdvay6ert72839289()aiyg8t87qt72393293883uhefiuh78ttq3ifi78272jdsds039[]]pou89ywe
2026-02-28T10:25:02.814Z [INFO]: Server running in development mode on port 5001
2026-02-28T10:28:26.414Z [INFO]: Found 1 users.
2026-02-28T10:28:26.415Z [INFO]: Full Name Jegadesh Sundaram users.
2026-02-28T10:28:26.431Z [INFO]: Error updating user: You have an error in your SQL syntax; check the manual that corresponds to your MySQL server version for the right syntax to use near 'AND email = 'jegaonline@gmail.com'' at line 1
2026-02-28T10:29:35.768Z [INFO]: Server running in development mode on port 5001
2026-02-28T10:29:46.291Z [INFO]: Found 1 users.
2026-02-28T10:29:46.292Z [INFO]: Full Name Jegadesh Sundaram users.
2026-02-28T10:29:46.363Z [INFO]: Updated 1 record(s)
2026-02-28T10:30:40.572Z [INFO]: Found 1 users.
2026-02-28T10:30:40.573Z [INFO]: Full Name Jegadesh Sundaram users.
2026-02-28T10:30:40.589Z [INFO]: Updated 1 record(s)
2026-02-28T10:35:04.591Z [INFO]: Server running in development mode on port 5001
2026-02-28T10:35:41.345Z [INFO]: Found 1 users.
2026-02-28T10:35:41.345Z [INFO]: Full Name Jegadesh Sundaram users.
2026-02-28T10:35:41.358Z [INFO]: Updated 1 record(s)
2026-02-28T10:38:14.651Z [INFO]: Server running in development mode on port 5001
2026-02-28T10:39:13.831Z [INFO]: Found 1 users.
2026-02-28T10:39:13.832Z [INFO]: Full Name Jegadesh Sundaram users.
2026-02-28T10:39:13.846Z [INFO]: Updated 1 record(s)
2026-02-28T10:44:23.207Z [INFO]: Server running in development mode on port 5001
2026-02-28T10:44:36.267Z [INFO]: Found 1 users.
2026-02-28T10:44:36.268Z [INFO]: Full Name Jegadesh Sundaram users.
2026-02-28T10:44:36.285Z [INFO]: Updated 1 record(s)
2026-02-28T10:52:26.899Z [INFO]: Server running in development mode on port 5001
2026-02-28T10:53:33.488Z [INFO]: Found 1 users.
2026-02-28T10:53:33.489Z [INFO]: Full Name Jegadesh Sundaram users.
2026-02-28T10:56:15.531Z [INFO]: Server running in development mode on port 5001
2026-02-28T10:56:37.640Z [INFO]: Found 1 users.
2026-02-28T10:56:37.640Z [INFO]: Full Name Jegadesh Sundaram users.
2026-02-28T10:56:37.641Z [INFO]: Path >>>> /home/jega/Desktop/OFFICIAL/MOBILE_APP/JSPro/app_backend/dist/controllers/mails/password.ejs
2026-02-28T10:56:37.651Z [INFO]: Updated 1 record(s)
2026-02-28T11:00:24.344Z [INFO]: Server running in development mode on port 5001
2026-02-28T11:01:27.888Z [INFO]: Found 1 users.
2026-02-28T11:01:27.889Z [INFO]: Full Name Jegadesh Sundaram users.
2026-02-28T11:01:27.891Z [INFO]: Path >>>> /home/jega/Desktop/OFFICIAL/MOBILE_APP/JSPro/app_backend/dist/controllers/mails/password.ejs
2026-02-28T11:01:27.907Z [INFO]: Updated 1 record(s)
2026-02-28T11:06:26.732Z [INFO]: Server running in development mode on port 5001
2026-02-28T11:06:42.339Z [INFO]: Found 1 users.
2026-02-28T11:06:42.340Z [INFO]: Full Name Jegadesh Sundaram users.
2026-02-28T11:06:42.340Z [INFO]: Path >>>> /home/jega/Desktop/OFFICIAL/MOBILE_APP/JSPro/app_backend/dist/mails/password.ejs
2026-02-28T11:06:42.350Z [INFO]: Updated 1 record(s)
2026-02-28T11:10:56.842Z [INFO]: Server running in development mode on port 5001
2026-02-28T11:13:32.437Z [INFO]: Found 1 users.
2026-02-28T11:13:32.437Z [INFO]: Full Name Jegadesh Sundaram users.
2026-02-28T11:13:32.453Z [INFO]: Updated 1 record(s)
2026-02-28T11:13:32.457Z [INFO]: Template File Path :: /home/jega/Desktop/OFFICIAL/MOBILE_APP/JSPro/app_backend/dist/mails/password.ejs
2026-02-28T12:37:27.596Z [INFO]: Server running in development mode on port 5001
2026-02-28T12:38:12.485Z [INFO]: Found 1 users.
2026-02-28T12:38:12.486Z [INFO]: Full Name Jegadesh Sundaram users.
2026-02-28T12:38:12.495Z [INFO]: Updated 1 record(s)
2026-02-28T12:38:12.500Z [INFO]: Template File Path :: /home/jega/Desktop/OFFICIAL/MOBILE_APP/JSPro/app_backend/dist/mails/password.ejs
2026-02-28T12:46:42.351Z [INFO]: Server running in development mode on port 5001
2026-02-28T12:47:07.351Z [INFO]: Found 1 users.
2026-02-28T12:47:07.351Z [INFO]: Full Name Jegadesh Sundaram users.
2026-02-28T12:47:07.362Z [INFO]: Updated 1 record(s)
2026-02-28T12:47:07.366Z [INFO]: Template File Path :: /home/jega/Desktop/OFFICIAL/MOBILE_APP/JSPro/app_backend/dist/mails/password.ejs
2026-02-28T12:47:11.499Z [INFO]: 
Reset Password code is sent to jegaonline@gmail.com
2026-02-28T12:56:06.545Z [INFO]: Found 1 users.
2026-02-28T12:56:06.545Z [INFO]: Full Name Jegadesh Sundaram users.
2026-02-28T12:56:06.558Z [INFO]: Updated 1 record(s)
2026-02-28T12:56:06.562Z [INFO]: Template File Path :: /home/jega/Desktop/OFFICIAL/MOBILE_APP/JSPro/app_backend/dist/mails/password.ejs
2026-02-28T12:56:09.608Z [INFO]: 
Reset Password code is sent to jegaonline@gmail.com
2026-02-28T13:00:50.090Z [INFO]: Found 1 users.
2026-02-28T13:00:50.090Z [INFO]: Full Name Jegadesh Sundaram users.
2026-02-28T13:00:50.099Z [INFO]: Updated 1 record(s)
2026-02-28T13:00:50.100Z [INFO]: Template File Path :: /home/jega/Desktop/OFFICIAL/MOBILE_APP/JSPro/app_backend/dist/mails/password.ejs
2026-02-28T13:00:53.391Z [INFO]: 
Reset Password code is sent to jegaonline@gmail.com
2026-02-28T13:08:07.529Z [INFO]: Found 1 users.
2026-02-28T13:08:07.529Z [INFO]: Full Name Jegadesh Sundaram users.
2026-02-28T13:08:07.531Z [INFO]: >>>> Full Name for Generating Token
2026-02-28T13:08:07.782Z [INFO]: jegaonline@gmail.com signed in at 2026-02-28T13:08:07.782Z
2026-02-28T13:08:07.782Z [INFO]: User Id for Generating Token 12
2026-02-28T13:08:07.782Z [INFO]: JWT Secret for Generating Token hvdvay6ert72839289()aiyg8t87qt72393293883uhefiuh78ttq3ifi78272jdsds039[]]pou89ywe
2026-02-28T13:08:49.375Z [INFO]: Found 1 users.
2026-02-28T13:08:49.375Z [INFO]: Full Name Jegadesh Sundaram users.
2026-02-28T13:08:49.384Z [INFO]: Updated 1 record(s)
2026-02-28T13:08:49.385Z [INFO]: Template File Path :: /home/jega/Desktop/OFFICIAL/MOBILE_APP/JSPro/app_backend/dist/mails/password.ejs
2026-02-28T13:08:52.537Z [INFO]: 
Reset Password code is sent to jegaonline@gmail.com
2026-02-28T16:48:55.863Z [INFO]: Server running in development mode on port 5001
2026-03-01T12:28:11.822Z [INFO]: Server running in development mode on port 5001
2026-03-01T12:28:37.425Z [INFO]: Found 1 users.
2026-03-01T12:28:37.426Z [INFO]: Full Name Jegadesh Sundaram users.
2026-03-01T12:28:37.446Z [INFO]: Updated 1 record(s)
2026-03-01T12:28:37.456Z [INFO]: Template File Path :: /home/jega/Desktop/OFFICIAL/MOBILE_APP/JSPro/app_backend/dist/mails/password.ejs
2026-03-01T12:28:40.828Z [INFO]: 
Reset Password code is sent to jegaonline@gmail.com
2026-03-01T12:31:35.332Z [INFO]: Found 1 users.
2026-03-01T12:31:35.333Z [INFO]: Full Name Jegadesh Sundaram users.
2026-03-01T12:31:35.343Z [INFO]: Updated 1 record(s)
2026-03-01T12:31:35.346Z [INFO]: Template File Path :: /home/jega/Desktop/OFFICIAL/MOBILE_APP/JSPro/app_backend/dist/mails/password.ejs
2026-03-01T12:31:39.102Z [INFO]: 
Reset Password code is sent to jegaonline@gmail.com
2026-03-01T12:32:31.267Z [INFO]: Updated 1 record(s)
2026-03-01T12:33:08.354Z [INFO]: Found 1 users.
2026-03-01T12:33:08.355Z [INFO]: Full Name Jegadesh Sundaram users.
2026-03-01T12:33:08.356Z [INFO]: >>>> Full Name for Generating Token
2026-03-01T12:33:12.994Z [INFO]: Found 1 users.
2026-03-01T12:33:12.994Z [INFO]: Full Name Jegadesh Sundaram users.
2026-03-01T12:33:12.994Z [INFO]: >>>> Full Name for Generating Token
2026-03-01T12:33:13.330Z [INFO]: jegaonline@gmail.com signed in at 2026-03-01T12:33:13.330Z
2026-03-01T12:33:13.331Z [INFO]: User Id for Generating Token 12
2026-03-01T12:33:13.331Z [INFO]: JWT Secret for Generating Token hvdvay6ert72839289()aiyg8t87qt72393293883uhefiuh78ttq3ifi78272jdsds039[]]pou89ywe
